
[INFO] 1.1 - Linux Hosts Specific Configuration
 [WARN] 1.1.1 - Ensure a separate partition for containers has been created (Automated)
[INFO] 1.1.2 - Ensure only trusted users are allowed to control Docker daemon (Automated)
      * Docker group users: ansible
 [WARN] 1.1.3 - Ensure auditing is configured for the Docker daemon (Automated)
 [WARN] 1.1.4 - Ensure auditing is configured for Docker files and directories - /run/containerd (Automated)
 [WARN] 1.1.5 - Ensure auditing is configured for Docker files and directories - /var/lib/docker (Automated)
 [WARN] 1.1.6 - Ensure auditing is configured for Docker files and directories - /etc/docker (Automated)
 [WARN] 1.1.7 - Ensure auditing is configured for Docker files and directories - docker.service (Automated)
./tests/1.sh: line 162: returna: command not found
[INFO] 1.1.7 - Ensure auditing is configured for Docker files and directories - docker.service (Automated) - File not found
 [WARN] 1.1.8 - Ensure auditing is configured for Docker files and directories - containerd.sock (Automated)
 [WARN] 1.1.9 - Ensure auditing is configured for Docker files and directories - docker.socket (Automated)
 [WARN] 1.1.10 - Ensure auditing is configured for Docker files and directories - /etc/default/docker (Automated)
[INFO] 1.1.11 - Ensure auditing is configured for Docker files and directories - /etc/docker/daemon.json (Automated) - File not found
 [WARN] 1.1.12 - Ensure auditing is configured for Docker files and directories - /etc/containerd/config.toml (Automated)
[INFO] 1.1.13 - Ensure auditing is configured for Docker files and directories - /etc/sysconfig/docker (Automated) - File not found
 [WARN] 1.1.14 - Ensure auditing is configured for Docker files and directories - /usr/bin/containerd (Automated)
[INFO] 1.1.15 - Ensure auditing is configured for Docker files and directories - /usr/bin/containerd-shim (Automated) - File not found
[INFO] 1.1.16 - Ensure auditing is configured for Docker files and directories - /usr/bin/containerd-shim-runc-v1 (Automated) - File not found
 [WARN] 1.1.17 - Ensure auditing is configured for Docker files and directories - /usr/bin/containerd-shim-runc-v2 (Automated)
 [WARN] 1.1.18 - Ensure auditing is configured for Docker files and directories - /usr/bin/runc (Automated)

[INFO] 1.2 - General Configuration
[INFO] 1.2.1 - Ensure the container host has been Hardened (Manual)
 [PASS] 1.2.2 - Ensure that the version of Docker is up to date (Manual)
       * Using 29.0.2 which is current
=================================================================
  Running CIS Docker v1.8.0 - Section 2 Checks (Unaltered Mode) 
=================================================================
[INFO] 2.1 - Run the Docker daemon as a non-root user, if possible (Manual)
 Audit: ps -fe | grep 'dockerd'
 [NOTE] 2.1 - Docker daemon is running as 'root'.
 [NOTE]      (This is the default. CIS recommends rootless mode if possible. Please verify manually.)
---
[INFO] 2.2 - Ensure network traffic is restricted between containers on the default bridge (Manual)
 Audit: docker network ls --quiet | xargs docker network inspect --format '{{.Name }}: {{ .Options }}'
 [WARN] 2.2 - Inter-container communication (icc) is allowed on the default bridge (Default).
---
[INFO] 2.3 - Ensure the logging level is set to 'info' (Manual)
 Audit: Check dockerd process flags and /etc/docker/daemon.json
 [PASS] 2.3 - Logging level is not set, using default 'info'.
---
[INFO] 2.4 - Ensure Docker is allowed to make changes to iptables (Manual)
 Audit: Check dockerd process flags and /etc/docker/daemon.json
 [PASS] 2.4 - Docker is allowed to change iptables (Default: true).
---
[INFO] 2.5 - Ensure insecure registries are not used (Manual)
 Audit: docker info --format '{{json .RegistryConfig.InsecureRegistryCIDRs}}'
 [PASS] 2.5 - No non-default insecure registries are configured.
---
[INFO] 2.6 - Ensure aufs storage driver is not used (Manual)
 Audit: docker info --format '{{ .Driver }}'
 [PASS] 2.6 - 'aufs' storage driver is not in use. (Current driver: overlayfs)
---
[INFO] 2.7 - Ensure devicemapper storage driver is not used (Manual)
 Audit: docker info --format '{{ .Driver }}'
 [PASS] 2.7 - 'devicemapper' storage driver is not in use. (Current driver: overlayfs)
---
[INFO] 2.8 - Ensure TLS authentication for Docker daemon is configured (Manual)
 Audit: Check dockerd process flags for '-H tcp://' and TLS settings
 [PASS] 2.8 - Docker daemon is not configured to listen on TCP.
---
[INFO] 2.9 - Ensure the default ulimit is configured appropriately (Manual)
 Audit: Check dockerd process flags and /etc/docker/daemon.json
 [WARN] 2.9 - Default ulimit is not configured.
---
[INFO] 2.10 - Enable user namespace support (Manual)
 Audit: docker info --format '{{ .SecurityOptions }}'
 [WARN] 2.10 - User namespace support (userns) is not enabled.
---
[INFO] 2.11 - Ensure the default cgroup usage has been confirmed (Manual)
 Audit: Check dockerd process flags and /etc/docker/daemon.json
 [PASS] 2.11 - Default cgroup parent is in use.
---
[INFO] 2.12 - Ensure base device size is not changed until needed (Manual)
 Audit: Check storage driver and storage-opts
 [PASS] 2.12 - N/A: Storage driver is not 'devicemapper' (Current: overlayfs).
---
[INFO] 2.13 - Ensure that authorization for Docker client commands is enabled (Manual)
 Audit: Check dockerd process flags and /etc/docker/daemon.json
 [WARN] 2.13 - No authorization plugin is enabled.
---
[INFO] 2.14 - Ensure centralized and remote logging is configured (Manual)
 Audit: docker info --format '{{ .LoggingDriver }}'
 [WARN] 2.14 - Logging driver is 'json-file' (default, not centralized).
---
[INFO] 2.15 - Ensure containers are restricted from acquiring new privileges (Manual)
 Audit: Check dockerd process flags and /etc/docker/daemon.json
 [WARN] 2.15 - 'no-new-privileges' is not enabled (Default: false).
---
[INFO] 2.16 - Ensure live restore is enabled (Manual)
 Audit: docker info --format '{{ .LiveRestoreEnabled }}'
 [WARN] 2.16 - Live restore is not enabled (Default: false).
---
[INFO] 2.17 - Ensure Userland Proxy is Disabled (Manual)
 Audit: Check dockerd process flags and /etc/docker/daemon.json
 [WARN] 2.17 - Userland proxy is enabled (Default: true).
---
[INFO] 2.18 - Ensure that a daemon-wide custom seccomp profile is applied if appropriate (Manual)
 Audit: docker info --format '{{ .SecurityOptions }}'
 [WARN] 2.18 - Could not determine seccomp profile. (Value: [name=apparmor name=seccomp,profile=builtin name=cgroupns])
---
[INFO] 2.19 - Ensure that experimental features are not implemented in production (Manual)
 Audit: docker version --format '{{ .Server.Experimental }}'
 [PASS] 2.19 - Experimental features are disabled (Default: false).
=================================================================
                  Section 2 Checks Complete                    
=================================================================

[INFO] 5 - Container Runtime
 [PASS] 5.1 - Ensure swarm mode is not Enabled, if not needed (Automated)
 [PASS] 5.2 - Ensure that, if applicable, an AppArmor Profile is enabled (Automated)
 [PASS] 5.4 - Ensure that Linux kernel capabilities are restricted within containers (Automated)
 [PASS] 5.5 - Ensure that privileged containers are not used (Automated)
 [PASS] 5.6 - Ensure sensitive host system directories are not mounted on containers (Automated)
 [WARN] 5.7 - Ensure sshd is not run within containers (Automated)
     * Container running sshd: e17f7e087dc9
     * Container running sshd: 02d360660e19
 [PASS] 5.8 - Ensure privileged ports are not mapped within containers (Automated)
 [WARN] 5.9 - Ensure that only needed ports are open on the container (Manual)
     * Port in use: 2222 in e17f7e087dc9
     * Port in use: 2221 in 02d360660e19
 [PASS] 5.10 - Ensure that the host's network namespace is not shared (Automated)
 [WARN] 5.11 - Ensure that the memory usage for containers is limited (Automated)
      * Container running without memory restrictions: e17f7e087dc9
      * Container running without memory restrictions: 02d360660e19
 [WARN] 5.12 - Ensure that CPU priority is set appropriately on containers (Automated)
      * Container running without CPU restrictions: e17f7e087dc9
      * Container running without CPU restrictions: 02d360660e19
 [WARN] 5.14 - Ensure that incoming container traffic is bound to a specific host interface (Automated)
      * Port being bound to wildcard IP: 0.0.0.0 in e17f7e087dc9
      * Port being bound to wildcard IP: 0.0.0.0 in 02d360660e19
 [PASS] 5.15 - Ensure that the 'on-failure' container restart policy is set to '5' (Automated)
 [PASS] 5.16 - Ensure that the host's process namespace is not shared (Automated)
 [PASS] 5.17 - Ensure that the host's IPC namespace is not shared (Automated)
 [PASS] 5.18 - Ensure that host devices are not directly exposed to containers (Manual)
[INFO] 5.19 - Ensure that the default ulimit is overwritten at runtime if needed (Manual)
      * Container no default ulimit override: e17f7e087dc9
      * Container no default ulimit override: 02d360660e19
 [PASS] 5.20 - Ensure mount propagation mode is not set to shared (Automated)
 [PASS] 5.21 - Ensure that the host's UTS namespace is not shared (Automated)
 [PASS] 5.22 - Ensure the default seccomp profile is not Disabled (Automated)
./tests/5.sh: line 886: check_5_24: command not found
 [PASS] 5.25 - Ensure that cgroup usage is confirmed (Automated)
 [WARN] 5.26 - Ensure that the container is restricted from acquiring additional privileges (Automated)
      * Privileges not restricted: e17f7e087dc9
      * Privileges not restricted: 02d360660e19
 [WARN] 5.27 - Ensure that container health is checked at runtime (Automated)
      * Health check not set: e17f7e087dc9
      * Health check not set: 02d360660e19
[INFO] 5.28 - Ensure that Docker commands always make use of the latest version of their image (Manual)
 [WARN] 5.29 - Ensure that the PIDs cgroup limit is used (Automated)
      * PIDs limit not set: e17f7e087dc9
      * PIDs limit not set: 02d360660e19
[INFO] 5.30 - Ensure that Docker's default bridge 'docker0' is not used (Manual)
      * Container in docker0 network: node01
      * Container in docker0 network: node02
 [PASS] 5.31 - Ensure that the host's user namespaces are not shared (Automated)
 [PASS] 5.32 - Ensure that the Docker socket is not mounted inside any containers (Automated)
=================================================================
  Running CIS Docker v1.8.0 - Section 6 Checks (Unaltered Mode) 
=================================================================
[INFO] 6.1 - Ensure that image sprawl is avoided (Manual)
 Audit: Step 1 (as per PDF): docker images --quiet | xargs docker inspect --format '{{ .Id }}: Image={{ index .RepoTags 0 }}'
 Audit: Step 2 (as per PDF): docker images
 [NOTE] 6.1 - This is a MANUAL check. Please compare the lists below as per the benchmark.

 [NOTE] 6.1 - Audit Step 1 Output (List all Docker image IDs that are currently instantiated ):
sha256:4b7ce07002c69e8f3d704a9c5d6fd3053be500b7f1c69fc0d80990c2ad8dd412: Image=alpine:latest

 [NOTE] 6.1 - Audit Step 2 Output (List of all images present on system):
WARNING: This output is designed for human readability. For machine-readable output, please use --format.
IMAGE           ID             DISK USAGE   CONTENT SIZE   EXTRA
alpine:latest   4b7ce07002c6       12.8MB          3.8MB   U    

 [NOTE] 6.1 - Please manually review these lists for unused or old images.
-------------------------------------------------------------------
[INFO] 6.2 - Ensure that container sprawl is avoided (Manual)
 Audit: Step 1: docker info --format '{{ .Containers }}'
 Audit: Step 2: docker info --format '{{ .ContainersStopped }}'
 Audit: Step 2: docker info --format '{{ .ContainersRunning }}'
 [NOTE] 6.2 - This is a MANUAL check. Review the container counts below.
 [NOTE] 6.2 - Total Containers:   2
 [NOTE] 6.2 - Running Containers: 2
 [NOTE] 6.2 - Stopped Containers: 0
 [NOTE] 6.2 - Please manually review if the number of stopped containers is excessive for your environment.
=================================================================
                  Section 6 Checks Complete                    
=================================================================
=================================================================
  Running CIS Docker v1.8.0 - Section 7 Checks (Unaltered Mode) 
=================================================================
 [WARN] Docker Swarm is not active on this node (State: inactive).
 [WARN] Skipping all Section 7 checks.
=================================================================
             Section 7 Checks Skipped (Swarm Inactive)         
=================================================================
